// Jest Snapshot v1, https://goo.gl/fbAQLP

exports[`IdealImageWithDefaults Renders a snapshot that is good 1`] = `
<observer
  onEnter={[Function]}
  onLeave={[Function]}
>
  <div
    className={undefined}
    onClick={[Function]}
    onKeyPress={[Function]}
    style={
      Object {
        "backgroundColor": "blue",
        "backgroundRepeat": "no-repeat",
        "backgroundSize": "cover",
        "position": "relative",
      }
    }
  >
    <svg
      className={undefined}
      height={2095}
      style={
        Object {
          "height": "auto",
          "marginBottom": "-4px",
          "maxWidth": "100%",
          "width": "100%",
        }
      }
      width={3500}
    />
  </div>
</observer>
`;
